exports[`test It returns the format which is clicked 1`] = `
<div>
  <label
    className="radio-inline">
    <input
      checked={true}
      name="optradio"
      onClick={[Function onClick]}
      type="radio" />
    Table
  </label>
  <label
    className="radio-inline">
    <input
      checked={false}
      name="optradio"
      onClick={[Function onClick]}
      type="radio" />
    JSON
  </label>
  <label
    className="radio-inline">
    <input
      checked={false}
      name="optradio"
      onClick={[Function onClick]}
      type="radio" />
    Google Charts
  </label>
  <label
    className="radio-inline">
    <input
      checked={false}
      name="optradio"
      onClick={[Function onClick]}
      type="radio" />
    Highchart
  </label>
</div>
`;
